------------------------------------------------------------
Timing Analyzer Summary
------------------------------------------------------------

Type  : Slow 1100mV 85C Model Setup 'clk'
Slack : -0.645
TNS   : -9.159

Type  : Slow 1100mV 85C Model Hold 'clk'
Slack : 0.307
TNS   : 0.000

Type  : Slow 1100mV 85C Model Minimum Pulse Width 'clk'
Slack : -0.394
TNS   : -11.724

Type  : Slow 1100mV 0C Model Setup 'clk'
Slack : -0.525
TNS   : -7.329

Type  : Slow 1100mV 0C Model Hold 'clk'
Slack : 0.293
TNS   : 0.000

Type  : Slow 1100mV 0C Model Minimum Pulse Width 'clk'
Slack : -0.394
TNS   : -12.406

Type  : Fast 1100mV 85C Model Setup 'clk'
Slack : 0.039
TNS   : 0.000

Type  : Fast 1100mV 85C Model Hold 'clk'
Slack : 0.176
TNS   : 0.000

Type  : Fast 1100mV 85C Model Minimum Pulse Width 'clk'
Slack : -0.085
TNS   : -1.821

Type  : Fast 1100mV 0C Model Setup 'clk'
Slack : 0.129
TNS   : 0.000

Type  : Fast 1100mV 0C Model Hold 'clk'
Slack : 0.163
TNS   : 0.000

Type  : Fast 1100mV 0C Model Minimum Pulse Width 'clk'
Slack : -0.083
TNS   : -1.769

------------------------------------------------------------
